2025-06-27 12:48:54 - I passed this in
2025-06-27 12:50:29 - I passed this in
2025-06-27 12:51:02 - I passed this in
